#-----------------------------------------------------------
# Vivado v2018.2 (64-bit)
# SW Build 2258646 on Thu Jun 14 20:03:12 MDT 2018
# IP Build 2256618 on Thu Jun 14 22:10:49 MDT 2018
# Start of session at: Sun Jul 24 14:45:35 2022
# Process ID: 20048
# Current directory: C:/Users/DELL/Desktop/Nanoprocessor Design Project Files/4. Ins_Decoder
# Command line: vivado.exe -gui_launcher_event rodinguilauncherevent19592 C:\Users\DELL\Desktop\Nanoprocessor Design Project Files\4. Ins_Decoder\Ins_Decoder.xpr
# Log file: C:/Users/DELL/Desktop/Nanoprocessor Design Project Files/4. Ins_Decoder/vivado.log
# Journal file: C:/Users/DELL/Desktop/Nanoprocessor Design Project Files/4. Ins_Decoder\vivado.jou
#-----------------------------------------------------------
start_gui
open_project {C:/Users/DELL/Desktop/Nanoprocessor Design Project Files/4. Ins_Decoder/Ins_Decoder.xpr}
update_compile_order -fileset sources_1
launch_simulation
open_wave_config {C:/Users/DELL/Desktop/Nanoprocessor Design Project Files/4. Ins_Decoder/Ins_Decoder_Sim_behav.wcfg}
source Ins_Decoder_Sim.tcl
close_sim
